Flow report for Project
Sun Oct 09 21:56:54 2022
Quartus Prime Version 18.1.0 Build 625 09/12/2018 SJ Lite Edition


---------------------
; Table of Contents ;
---------------------
  1. Legal Notice
  2. Flow Summary
  3. Flow Settings
  4. Flow Non-Default Global Settings
  5. Flow Elapsed Time
  6. Flow OS Summary
  7. Flow Log
  8. Flow Messages
  9. Flow Suppressed Messages



----------------
; Legal Notice ;
----------------
Copyright (C) 2018  Intel Corporation. All rights reserved.
Your use of Intel Corporation's design tools, logic functions 
and other software and tools, and its AMPP partner logic 
functions, and any output files from any of the foregoing 
(including device programming or simulation files), and any 
associated documentation or information are expressly subject 
to the terms and conditions of the Intel Program License 
Subscription Agreement, the Intel Quartus Prime License Agreement,
the Intel FPGA IP License Agreement, or other applicable license
agreement, including, without limitation, that your use is for
the sole purpose of programming logic devices manufactured by
Intel and sold by Intel or its authorized distributors.  Please
refer to the applicable agreement for further details.



+-------------------------------------------------------------------------------+
; Flow Summary                                                                  ;
+---------------------------------+---------------------------------------------+
; Flow Status                     ; Successful - Sun Oct 09 21:56:38 2022       ;
; Quartus Prime Version           ; 18.1.0 Build 625 09/12/2018 SJ Lite Edition ;
; Revision Name                   ; Project                                     ;
; Top-level Entity Name           ; FINAL                                       ;
; Family                          ; Cyclone V                                   ;
; Device                          ; 5CSXFC6D6F31C6                              ;
; Timing Models                   ; Final                                       ;
; Logic utilization (in ALMs)     ; 1,697 / 41,910 ( 4 % )                      ;
; Total registers                 ; 1972                                        ;
; Total pins                      ; 1 / 499 ( < 1 % )                           ;
; Total virtual pins              ; 0                                           ;
; Total block memory bits         ; 1,701,312 / 5,662,720 ( 30 % )              ;
; Total DSP Blocks                ; 3 / 112 ( 3 % )                             ;
; Total HSSI RX PCSs              ; 0 / 9 ( 0 % )                               ;
; Total HSSI PMA RX Deserializers ; 0 / 9 ( 0 % )                               ;
; Total HSSI TX PCSs              ; 0 / 9 ( 0 % )                               ;
; Total HSSI PMA TX Serializers   ; 0 / 9 ( 0 % )                               ;
; Total PLLs                      ; 0 / 15 ( 0 % )                              ;
; Total DLLs                      ; 0 / 4 ( 0 % )                               ;
+---------------------------------+---------------------------------------------+


+-----------------------------------------+
; Flow Settings                           ;
+-------------------+---------------------+
; Option            ; Setting             ;
+-------------------+---------------------+
; Start date & time ; 10/09/2022 21:53:16 ;
; Main task         ; Compilation         ;
; Revision Name     ; Project             ;
+-------------------+---------------------+


+--------------------------------------------------------------------------------------------------------------------------------------------------------------+
; Flow Non-Default Global Settings                                                                                                                             ;
+-------------------------------------+--------------------------------------------------------------------+---------------+------------------+----------------+
; Assignment Name                     ; Value                                                              ; Default Value ; Entity Name      ; Section Id     ;
+-------------------------------------+--------------------------------------------------------------------+---------------+------------------+----------------+
; COMPILER_SIGNATURE_ID               ; 88974389616341.166532719614216                                     ; --            ; --               ; --             ;
; EDA_OUTPUT_DATA_FORMAT              ; None                                                               ; --            ; --               ; eda_simulation ;
; EDA_TIME_SCALE                      ; 1 ps                                                               ; --            ; --               ; eda_simulation ;
; MAX_CORE_JUNCTION_TEMP              ; 85                                                                 ; --            ; --               ; --             ;
; MIN_CORE_JUNCTION_TEMP              ; 0                                                                  ; --            ; --               ; --             ;
; MISC_FILE                           ; PlatformDesigner/synthesis/../PlatformDesigner.cmp                 ; --            ; --               ; --             ;
; MISC_FILE                           ; PlatformDesigner/synthesis/../../PlatformDesigner.qsys             ; --            ; --               ; --             ;
; PARTITION_COLOR                     ; -- (Not supported for targeted family)                             ; --            ; FINAL            ; Top            ;
; PARTITION_FITTER_PRESERVATION_LEVEL ; -- (Not supported for targeted family)                             ; --            ; FINAL            ; Top            ;
; PARTITION_NETLIST_TYPE              ; -- (Not supported for targeted family)                             ; --            ; FINAL            ; Top            ;
; POWER_BOARD_THERMAL_MODEL           ; None (CONSERVATIVE)                                                ; --            ; --               ; --             ;
; POWER_PRESET_COOLING_SOLUTION       ; 23 MM HEAT SINK WITH 200 LFPM AIRFLOW                              ; --            ; --               ; --             ;
; SLD_FILE                            ; PlatformDesigner/synthesis/PlatformDesigner.debuginfo              ; --            ; --               ; --             ;
; SLD_INFO                            ; QSYS_NAME PlatformDesigner HAS_SOPCINFO 1 GENERATION_ID 1665327170 ; --            ; PlatformDesigner ; --             ;
; SOPCINFO_FILE                       ; PlatformDesigner/synthesis/../../PlatformDesigner.sopcinfo         ; --            ; --               ; --             ;
; SYNTHESIS_ONLY_QIP                  ; On                                                                 ; --            ; --               ; --             ;
; TOP_LEVEL_ENTITY                    ; FINAL                                                              ; Project       ; --               ; --             ;
+-------------------------------------+--------------------------------------------------------------------+---------------+------------------+----------------+


+--------------------------------------------------------------------------------------------------------------------------+
; Flow Elapsed Time                                                                                                        ;
+----------------------+--------------+-------------------------+---------------------+------------------------------------+
; Module Name          ; Elapsed Time ; Average Processors Used ; Peak Virtual Memory ; Total CPU Time (on all processors) ;
+----------------------+--------------+-------------------------+---------------------+------------------------------------+
; Analysis & Synthesis ; 00:00:53     ; 1.0                     ; 5053 MB             ; 00:00:11                           ;
; Fitter               ; 00:02:04     ; 1.1                     ; 7097 MB             ; 00:02:36                           ;
; Assembler            ; 00:00:14     ; 1.0                     ; 4899 MB             ; 00:00:02                           ;
; Timing Analyzer      ; 00:00:13     ; 2.1                     ; 5297 MB             ; 00:00:09                           ;
; Total                ; 00:03:24     ; --                      ; --                  ; 00:02:58                           ;
+----------------------+--------------+-------------------------+---------------------+------------------------------------+


+------------------------------------------------------------------------------------+
; Flow OS Summary                                                                    ;
+----------------------+------------------+------------+------------+----------------+
; Module Name          ; Machine Hostname ; OS Name    ; OS Version ; Processor type ;
+----------------------+------------------+------------+------------+----------------+
; Analysis & Synthesis ; Dui-laptop       ; Windows 10 ; 10.0       ; x86_64         ;
; Fitter               ; Dui-laptop       ; Windows 10 ; 10.0       ; x86_64         ;
; Assembler            ; Dui-laptop       ; Windows 10 ; 10.0       ; x86_64         ;
; Timing Analyzer      ; Dui-laptop       ; Windows 10 ; 10.0       ; x86_64         ;
+----------------------+------------------+------------+------------+----------------+


------------
; Flow Log ;
------------
quartus_map --read_settings_files=on --write_settings_files=off Project -c Project
quartus_fit --read_settings_files=off --write_settings_files=off Project -c Project
quartus_asm --read_settings_files=off --write_settings_files=off Project -c Project
quartus_sta Project -c Project



